
> modernmortgage-simple@0.1.0 build
> next build

  ▲ Next.js 14.2.32
  - Environments: .env.local

   Creating an optimized production build ...
 ⚠ Compiled with warnings

./app/validation-dashboard/page.tsx
Attempted import error: 'calculateSingaporeMetrics' is not exported from '@/lib/calculations/mortgage' (imported as 'calculateSingaporeMetrics').

Import trace for requested module:
./app/validation-dashboard/page.tsx

./app/validation-dashboard/page.tsx
Attempted import error: 'calculateLeadScore' is not exported from '@/lib/calculations/mortgage' (imported as 'calculateLeadScore').

Import trace for requested module:
./app/validation-dashboard/page.tsx

./components/calculators/SingaporeMortgageCalculator.tsx
Attempted import error: 'calculateMortgageWithMetrics' is not exported from '@/lib/calculations/mortgage' (imported as 'calculateMortgageWithMetrics').

Import trace for requested module:
./components/calculators/SingaporeMortgageCalculator.tsx

./components/calculators/SingaporeMortgageCalculator.tsx
Attempted import error: 'calculateLeadScore' is not exported from '@/lib/calculations/mortgage' (imported as 'calculateLeadScore').

Import trace for requested module:
./components/calculators/SingaporeMortgageCalculator.tsx

./hooks/useProgressiveFormController.ts
Attempted import error: 'createStepSchema' is not exported from '@/lib/validation/mortgage-schemas' (imported as 'createStepSchema').

Import trace for requested module:
./hooks/useProgressiveFormController.ts
./redesign/SophisticatedProgressiveForm.tsx
./app/redesign/sophisticated-flow/page.tsx

./hooks/useProgressiveFormController.ts
Attempted import error: 'calculateInstantEligibility' is not exported from '@/lib/calculations/mortgage' (imported as 'calculateInstantEligibility').

Import trace for requested module:
./hooks/useProgressiveFormController.ts
./redesign/SophisticatedProgressiveForm.tsx
./app/redesign/sophisticated-flow/page.tsx

./hooks/useProgressiveFormController.ts
Attempted import error: 'calculateRefinancingSavings' is not exported from '@/lib/calculations/mortgage' (imported as 'calculateRefinancingSavings').

Import trace for requested module:
./hooks/useProgressiveFormController.ts
./redesign/SophisticatedProgressiveForm.tsx
./app/redesign/sophisticated-flow/page.tsx

 ⚠ Compiled with warnings

./app/validation-dashboard/page.tsx
Attempted import error: 'calculateSingaporeMetrics' is not exported from '@/lib/calculations/mortgage' (imported as 'calculateSingaporeMetrics').

Import trace for requested module:
./app/validation-dashboard/page.tsx

./app/validation-dashboard/page.tsx
Attempted import error: 'calculateLeadScore' is not exported from '@/lib/calculations/mortgage' (imported as 'calculateLeadScore').

Import trace for requested module:
./app/validation-dashboard/page.tsx

./components/calculators/SingaporeMortgageCalculator.tsx
Attempted import error: 'calculateMortgageWithMetrics' is not exported from '@/lib/calculations/mortgage' (imported as 'calculateMortgageWithMetrics').

Import trace for requested module:
./components/calculators/SingaporeMortgageCalculator.tsx

./components/calculators/SingaporeMortgageCalculator.tsx
Attempted import error: 'calculateLeadScore' is not exported from '@/lib/calculations/mortgage' (imported as 'calculateLeadScore').

Import trace for requested module:
./components/calculators/SingaporeMortgageCalculator.tsx

./hooks/useProgressiveFormController.ts
Attempted import error: 'createStepSchema' is not exported from '@/lib/validation/mortgage-schemas' (imported as 'createStepSchema').

Import trace for requested module:
./hooks/useProgressiveFormController.ts
./redesign/SophisticatedProgressiveForm.tsx
./app/redesign/sophisticated-flow/page.tsx

./hooks/useProgressiveFormController.ts
Attempted import error: 'calculateInstantEligibility' is not exported from '@/lib/calculations/mortgage' (imported as 'calculateInstantEligibility').

Import trace for requested module:
./hooks/useProgressiveFormController.ts
./redesign/SophisticatedProgressiveForm.tsx
./app/redesign/sophisticated-flow/page.tsx

./hooks/useProgressiveFormController.ts
Attempted import error: 'calculateRefinancingSavings' is not exported from '@/lib/calculations/mortgage' (imported as 'calculateRefinancingSavings').

Import trace for requested module:
./hooks/useProgressiveFormController.ts
./redesign/SophisticatedProgressiveForm.tsx
./app/redesign/sophisticated-flow/page.tsx

 ✓ Compiled successfully
   Linting and checking validity of types ...

./app/analytics/page.tsx
69:6  Warning: React Hook useEffect has a missing dependency: 'fetchAnalytics'. Either include it or remove the dependency array.  react-hooks/exhaustive-deps

./app/apply/insights/InsightsPageClient.tsx
60:6  Warning: React Hook useEffect has a missing dependency: 'conversationParam'. Either include it or remove the dependency array.  react-hooks/exhaustive-deps
121:6  Warning: React Hook useEffect has a missing dependency: 'setInsights'. Either include it or remove the dependency array.  react-hooks/exhaustive-deps

./app/compliance/page.tsx
29:6  Warning: React Hook useEffect has a missing dependency: 'fetchComplianceReport'. Either include it or remove the dependency array.  react-hooks/exhaustive-deps

./components/ai-broker/MobileAIAssistant.tsx
338:15  Warning: Image elements must have an alt prop, either with meaningful text, or an empty string for decorative images.  jsx-a11y/alt-text

./components/ai-broker/MobileAIAssistantCompact.tsx
287:13  Warning: Image elements must have an alt prop, either with meaningful text, or an empty string for decorative images.  jsx-a11y/alt-text

./components/ai-broker/MobileAIAssistantFixed.tsx
288:13  Warning: Image elements must have an alt prop, either with meaningful text, or an empty string for decorative images.  jsx-a11y/alt-text

./components/forms/ChatTransitionScreen.tsx
107:6  Warning: React Hook useEffect has missing dependencies: 'formData' and 'leadScore'. Either include them or remove the dependency array.  react-hooks/exhaustive-deps

./components/forms/ChatWidgetLoader.tsx
71:6  Warning: React Hook useEffect has missing dependencies: 'cleanup', 'config.baseUrl', 'handleWidgetReady', 'isDevelopment', and 'loadChatwootScript'. Either include them or remove the dependency array.  react-hooks/exhaustive-deps

./components/forms/ProgressiveForm.tsx
193:6  Warning: React Hook useEffect has a missing dependency: 'currentSchema._def'. Either include it or remove the dependency array.  react-hooks/exhaustive-deps
217:6  Warning: React Hook useCallback has a missing dependency: 'requestAIInsight'. Either include it or remove the dependency array.  react-hooks/exhaustive-deps

./lib/events/event-bus.ts
281:18  Warning: React Hook useEffect has a spread element in its dependency array. This means we can't statically verify whether you've passed the correct dependencies.  react-hooks/exhaustive-deps

./lib/hooks/useFormState.ts
229:6  Warning: React Hook useCallback has a missing dependency: 'handleAbandonment'. Either include it or remove the dependency array.  react-hooks/exhaustive-deps

./lib/hooks/useLoanApplicationContext.tsx
140:6  Warning: React Hook useEffect has a missing dependency: 'data.sessionId'. Either include it or remove the dependency array.  react-hooks/exhaustive-deps

info  - Need to disable some ESLint rules? Learn more here: https://nextjs.org/docs/basic-features/eslint#disabling-rules
Failed to compile.

./app/api/chatwoot-conversation/route.ts:376:68
Type error: Property 'ai_broker_name' does not exist on type 'Record<string, any> | { reused: boolean; reuse_reason: string; is_conversation_reopen: boolean; }'.
  Property 'ai_broker_name' does not exist on type '{ reused: boolean; reuse_reason: string; is_conversation_reopen: boolean; }'.

[0m [90m 374 |[39m       [36mif[39m (isConversationReopen) {[0m
[0m [90m 375 |[39m         [90m// Try to get existing broker from conversation attributes[39m[0m
[0m[31m[1m>[22m[39m[90m 376 |[39m         [36mconst[39m existingBrokerName [33m=[39m conversation[33m.[39mcustom_attributes[33m?[39m[33m.[39mai_broker_name[0m
[0m [90m     |[39m                                                                    [31m[1m^[22m[39m[0m
[0m [90m 377 |[39m         [36mconst[39m existingBrokerId [33m=[39m conversation[33m.[39mcustom_attributes[33m?[39m[33m.[39mai_broker_id[0m
[0m [90m 378 |[39m         [36mconst[39m existingBrokerPersonality [33m=[39m conversation[33m.[39mcustom_attributes[33m?[39m[33m.[39mbroker_persona[0m
[0m [90m 379 |[39m[0m
Next.js build worker exited with code: 1 and signal: null
